go1: 5
go2: 3
go1: 4
go2: 2
go1: 3
go2: 1
go1: 2
go2: 0
go1: 1
go2: -1
