Give me a number: You know what's funnier than 24
?
25
